// Jest Snapshot v1, https://goo.gl/fbAQLP

exports[`externals should add react to externals 1`] = `
Object {
  "externals": Array [
    Object {
      "react": Object {
        "amd": "react",
        "commonjs": "react",
        "commonjs2": "react",
        "root": "React",
      },
      "react-dom": Object {
        "amd": "react-dom",
        "commonjs": "react-dom",
        "commonjs2": "react-dom",
        "root": "ReactDOM",
      },
    },
  ],
}
`;

exports[`externals should apply custom 'node_modules' path 1`] = `
Array [
  [Function],
]
`;
